
SQL*Plus: Release 10.2.0.2.0 - Production on 月 3月 24 16:27:19 2014

Copyright (c) 1982, 2005, Oracle.  All Rights Reserved.



Oracle Database 10g Enterprise Edition Release 10.2.0.1.0 - Production
With the Partitioning, OLAP and Data Mining options
に接続されました。
SQL> SQL> SQL> SQL> SQL> SQL> SQL> SQL> SQL> 
TX    ,pl																																																															     ,test
SQL> Oracle Database 10g Enterprise Edition Release 10.2.0.1.0 - Production
With the Partitioning, OLAP and Data Mining optionsとの接続が切断されました。

SQL*Plus: Release 10.2.0.2.0 - Production on 月 3月 24 16:27:19 2014

Copyright (c) 1982, 2005, Oracle.  All Rights Reserved.



Oracle Database 10g Enterprise Edition Release 10.2.0.1.0 - Production
With the Partitioning, OLAP and Data Mining options
に接続されました。
SQL> SQL> SQL> 
1行が更新されました。


コミットが完了しました。

SQL> Oracle Database 10g Enterprise Edition Release 10.2.0.1.0 - Production
With the Partitioning, OLAP and Data Mining optionsとの接続が切断されました。

SQL*Plus: Release 10.2.0.2.0 - Production on 月 3月 24 16:27:19 2014

Copyright (c) 1982, 2005, Oracle.  All Rights Reserved.



Oracle Database 10g Enterprise Edition Release 10.2.0.1.0 - Production
With the Partitioning, OLAP and Data Mining options
に接続されました。
SQL> 
表が削除されました。

SQL> 
コミットが完了しました。

SQL> 
リサイクルビンがパージされました。

SQL> Oracle Database 10g Enterprise Edition Release 10.2.0.1.0 - Production
With the Partitioning, OLAP and Data Mining optionsとの接続が切断されました。

SQL*Plus: Release 10.2.0.2.0 - Production on 月 3月 24 16:27:19 2014

Copyright (c) 1982, 2005, Oracle.  All Rights Reserved.



Oracle Database 10g Enterprise Edition Release 10.2.0.1.0 - Production
With the Partitioning, OLAP and Data Mining options
に接続されました。
SQL> SQL> SQL> SQL> SQL> SQL> SQL> SQL> SQL> 
FS_TB003_MODULE_TX					    :SVR_GRP_ID 						 :VARCHAR2	      : 	255:Y :1
FS_TB003_MODULE_TX					    :SVR_ID							 :VARCHAR2	      : 	255:Y :2
FS_TB003_MODULE_TX					    :HONGW_DSTSK_PATH						 :VARCHAR2	      : 	255:Y :3
FS_TB003_MODULE_TX					    :KNRBKKN_FILE_ID						 :VARCHAR2	      : 	255:Y :4
FS_TB003_MODULE_TX					    :KNRBKKN_TIMESTAMP						 :VARCHAR2	      : 	 14:Y :0
FS_TB003_MODULE_TX					    :KNRBKKN_SIZE						 :VARCHAR2	      : 	 10:Y :0
FS_TB003_MODULE_TX					    :CHECK_SUM							 :VARCHAR2	      : 	 32:Y :0
SQL> Oracle Database 10g Enterprise Edition Release 10.2.0.1.0 - Production
With the Partitioning, OLAP and Data Mining optionsとの接続が切断されました。

SQL*Plus: Release 10.2.0.2.0 - Production on 月 3月 24 16:27:19 2014

Copyright (c) 1982, 2005, Oracle.  All Rights Reserved.



Oracle Database 10g Enterprise Edition Release 10.2.0.1.0 - Production
With the Partitioning, OLAP and Data Mining options
に接続されました。
SQL> SQL> SQL> 
表が作成されました。

SQL> 
コミットが完了しました。

SQL> Oracle Database 10g Enterprise Edition Release 10.2.0.1.0 - Production
With the Partitioning, OLAP and Data Mining optionsとの接続が切断されました。

SQL*Plus: Release 10.2.0.2.0 - Production on 月 3月 24 16:27:20 2014

Copyright (c) 1982, 2005, Oracle.  All Rights Reserved.



Oracle Database 10g Enterprise Edition Release 10.2.0.1.0 - Production
With the Partitioning, OLAP and Data Mining options
に接続されました。
SQL> SQL> SQL> 旧   1: DELETE FROM &1 B
新   1: DELETE FROM FS_TB003_MODULE_TX B
旧   5: 		 WHERE SVR_KBN = '&2'
新   5: 		 WHERE SVR_KBN = 'TX'
旧   7: 		   AND CLASSIFG_KBN = '&3') A
新   7: 		   AND CLASSIFG_KBN = 'HONBAN') A

0行が削除されました。


コミットが完了しました。

旧   1: DELETE FROM &1 B
新   1: DELETE FROM FS_TB003_MODULE_TX B
旧   6: 		 WHERE SVR_KBN = '&2'
新   6: 		 WHERE SVR_KBN = 'TX'
旧   8: 		   AND CLASSIFG_KBN = '&3') A
新   8: 		   AND CLASSIFG_KBN = 'HONBAN') A

0行が削除されました。


コミットが完了しました。

旧   1: DELETE FROM &1 B
新   1: DELETE FROM FS_TB003_MODULE_TX B
旧   7: 		 WHERE SVR_KBN = '&2'
新   7: 		 WHERE SVR_KBN = 'TX'
旧   9: 		   AND CLASSIFG_KBN = '&3') A
新   9: 		   AND CLASSIFG_KBN = 'HONBAN') A

0行が削除されました。


コミットが完了しました。

旧   1: DELETE FROM &1 B
新   1: DELETE FROM FS_TB003_MODULE_TX B
旧   5: 		 WHERE SVR_KBN = '&2'
新   5: 		 WHERE SVR_KBN = 'TX'
旧   7: 		   AND CLASSIFG_KBN = '&3') A
新   7: 		   AND CLASSIFG_KBN = 'HONBAN') A

0行が削除されました。


コミットが完了しました。

旧   1: DELETE FROM &1 B
新   1: DELETE FROM FS_TB003_MODULE_TX B
旧   8: 		 WHERE SVR_KBN = '&2'
新   8: 		 WHERE SVR_KBN = 'TX'
旧  10: 		   AND CLASSIFG_KBN = '&3') A
新  10: 		   AND CLASSIFG_KBN = 'HONBAN') A

0行が削除されました。


コミットが完了しました。

旧   1: DELETE FROM &1 B
新   1: DELETE FROM FS_TB003_MODULE_TX B
旧   7: 		 WHERE SVR_KBN = '&2'
新   7: 		 WHERE SVR_KBN = 'TX'
旧   9: 		   AND CLASSIFG_KBN = '&3') A
新   9: 		   AND CLASSIFG_KBN = 'HONBAN') A

0行が削除されました。


コミットが完了しました。

SQL> 
コミットが完了しました。

SQL> Oracle Database 10g Enterprise Edition Release 10.2.0.1.0 - Production
With the Partitioning, OLAP and Data Mining optionsとの接続が切断されました。

SQL*Plus: Release 10.2.0.2.0 - Production on 月 3月 24 16:27:20 2014

Copyright (c) 1982, 2005, Oracle.  All Rights Reserved.



Oracle Database 10g Enterprise Edition Release 10.2.0.1.0 - Production
With the Partitioning, OLAP and Data Mining options
に接続されました。
SQL> 
表が削除されました。

SQL> 
コミットが完了しました。

SQL> 
リサイクルビンがパージされました。

SQL> Oracle Database 10g Enterprise Edition Release 10.2.0.1.0 - Production
With the Partitioning, OLAP and Data Mining optionsとの接続が切断されました。

SQL*Plus: Release 10.2.0.2.0 - Production on 月 3月 24 16:27:20 2014

Copyright (c) 1982, 2005, Oracle.  All Rights Reserved.



Oracle Database 10g Enterprise Edition Release 10.2.0.1.0 - Production
With the Partitioning, OLAP and Data Mining options
に接続されました。
SQL> SQL> SQL> SQL> SQL> SQL> SQL> SQL> SQL> 
FS_TB004_MODULE_ELIB_TX 				    :SVR_GRP_ID 						 :VARCHAR2	      : 	255:Y :1
FS_TB004_MODULE_ELIB_TX 				    :SVR_ID							 :VARCHAR2	      : 	255:Y :2
FS_TB004_MODULE_ELIB_TX 				    :HONGW_DSTSK_PATH						 :VARCHAR2	      : 	255:Y :3
FS_TB004_MODULE_ELIB_TX 				    :KNRBKKN_FILE_ID						 :VARCHAR2	      : 	255:Y :4
FS_TB004_MODULE_ELIB_TX 				    :KNRBKKN_TIMESTAMP						 :VARCHAR2	      : 	 14:Y :0
FS_TB004_MODULE_ELIB_TX 				    :KNRBKKN_SIZE						 :VARCHAR2	      : 	 10:Y :0
FS_TB004_MODULE_ELIB_TX 				    :HON_REP_LIBTHM_ID						 :VARCHAR2	      : 	100:Y :0
SQL> Oracle Database 10g Enterprise Edition Release 10.2.0.1.0 - Production
With the Partitioning, OLAP and Data Mining optionsとの接続が切断されました。

SQL*Plus: Release 10.2.0.2.0 - Production on 月 3月 24 16:27:20 2014

Copyright (c) 1982, 2005, Oracle.  All Rights Reserved.



Oracle Database 10g Enterprise Edition Release 10.2.0.1.0 - Production
With the Partitioning, OLAP and Data Mining options
に接続されました。
SQL> SQL> SQL> 
表が作成されました。

SQL> 
コミットが完了しました。

SQL> Oracle Database 10g Enterprise Edition Release 10.2.0.1.0 - Production
With the Partitioning, OLAP and Data Mining optionsとの接続が切断されました。

SQL*Plus: Release 10.2.0.2.0 - Production on 月 3月 24 16:27:20 2014

Copyright (c) 1982, 2005, Oracle.  All Rights Reserved.



Oracle Database 10g Enterprise Edition Release 10.2.0.1.0 - Production
With the Partitioning, OLAP and Data Mining options
に接続されました。
SQL> SQL> SQL> 旧   1: INSERT INTO FS_TB004_MODULE_ELIB_&1
新   1: INSERT INTO FS_TB004_MODULE_ELIB_TX
旧  11:      AND M.SVR_KBN = '&1'
新  11:      AND M.SVR_KBN = 'TX'

2行が作成されました。

SQL> 
コミットが完了しました。

SQL> Oracle Database 10g Enterprise Edition Release 10.2.0.1.0 - Production
With the Partitioning, OLAP and Data Mining optionsとの接続が切断されました。

SQL*Plus: Release 10.2.0.2.0 - Production on 月 3月 24 16:27:20 2014

Copyright (c) 1982, 2005, Oracle.  All Rights Reserved.



Oracle Database 10g Enterprise Edition Release 10.2.0.1.0 - Production
With the Partitioning, OLAP and Data Mining options
に接続されました。
SQL> SQL> SQL> 旧   1: DELETE FROM &1 B
新   1: DELETE FROM FS_TB004_MODULE_ELIB_TX B
旧   5: 		 WHERE SVR_KBN = '&2'
新   5: 		 WHERE SVR_KBN = 'TX'
旧   7: 		   AND CLASSIFG_KBN = '&3') A
新   7: 		   AND CLASSIFG_KBN = 'eLIBSYS') A

0行が削除されました。


コミットが完了しました。

旧   1: DELETE FROM &1 B
新   1: DELETE FROM FS_TB004_MODULE_ELIB_TX B
旧   6: 		 WHERE SVR_KBN = '&2'
新   6: 		 WHERE SVR_KBN = 'TX'
旧   8: 		   AND CLASSIFG_KBN = '&3') A
新   8: 		   AND CLASSIFG_KBN = 'eLIBSYS') A

0行が削除されました。


コミットが完了しました。

旧   1: DELETE FROM &1 B
新   1: DELETE FROM FS_TB004_MODULE_ELIB_TX B
旧   7: 		 WHERE SVR_KBN = '&2'
新   7: 		 WHERE SVR_KBN = 'TX'
旧   9: 		   AND CLASSIFG_KBN = '&3') A
新   9: 		   AND CLASSIFG_KBN = 'eLIBSYS') A

0行が削除されました。


コミットが完了しました。

旧   1: DELETE FROM &1 B
新   1: DELETE FROM FS_TB004_MODULE_ELIB_TX B
旧   5: 		 WHERE SVR_KBN = '&2'
新   5: 		 WHERE SVR_KBN = 'TX'
旧   7: 		   AND CLASSIFG_KBN = '&3') A
新   7: 		   AND CLASSIFG_KBN = 'eLIBSYS') A

0行が削除されました。


コミットが完了しました。

旧   1: DELETE FROM &1 B
新   1: DELETE FROM FS_TB004_MODULE_ELIB_TX B
旧   8: 		 WHERE SVR_KBN = '&2'
新   8: 		 WHERE SVR_KBN = 'TX'
旧  10: 		   AND CLASSIFG_KBN = '&3') A
新  10: 		   AND CLASSIFG_KBN = 'eLIBSYS') A

0行が削除されました。


コミットが完了しました。

旧   1: DELETE FROM &1 B
新   1: DELETE FROM FS_TB004_MODULE_ELIB_TX B
旧   7: 		 WHERE SVR_KBN = '&2'
新   7: 		 WHERE SVR_KBN = 'TX'
旧   9: 		   AND CLASSIFG_KBN = '&3') A
新   9: 		   AND CLASSIFG_KBN = 'eLIBSYS') A

0行が削除されました。


コミットが完了しました。

SQL> 
コミットが完了しました。

SQL> Oracle Database 10g Enterprise Edition Release 10.2.0.1.0 - Production
With the Partitioning, OLAP and Data Mining optionsとの接続が切断されました。

SQL*Plus: Release 10.2.0.2.0 - Production on 月 3月 24 16:27:20 2014

Copyright (c) 1982, 2005, Oracle.  All Rights Reserved.



Oracle Database 10g Enterprise Edition Release 10.2.0.1.0 - Production
With the Partitioning, OLAP and Data Mining options
に接続されました。
SQL> 
表が削除されました。

SQL> 
コミットが完了しました。

SQL> 
リサイクルビンがパージされました。

SQL> Oracle Database 10g Enterprise Edition Release 10.2.0.1.0 - Production
With the Partitioning, OLAP and Data Mining optionsとの接続が切断されました。

SQL*Plus: Release 10.2.0.2.0 - Production on 月 3月 24 16:27:21 2014

Copyright (c) 1982, 2005, Oracle.  All Rights Reserved.



Oracle Database 10g Enterprise Edition Release 10.2.0.1.0 - Production
With the Partitioning, OLAP and Data Mining options
に接続されました。
SQL> SQL> SQL> SQL> SQL> SQL> SQL> SQL> SQL> 
FS_TB007_OLD_MODULE_TX					    :SVR_GRP_ID 						 :VARCHAR2	      : 	255:Y :1
FS_TB007_OLD_MODULE_TX					    :SVR_ID							 :VARCHAR2	      : 	255:Y :2
FS_TB007_OLD_MODULE_TX					    :HONGW_DSTSK_PATH						 :VARCHAR2	      : 	255:Y :3
FS_TB007_OLD_MODULE_TX					    :KNRBKKN_FILE_ID						 :VARCHAR2	      : 	255:Y :4
FS_TB007_OLD_MODULE_TX					    :KNRBKKN_TIMESTAMP						 :VARCHAR2	      : 	 14:Y :0
FS_TB007_OLD_MODULE_TX					    :KNRBKKN_SIZE						 :VARCHAR2	      : 	 10:Y :0
FS_TB007_OLD_MODULE_TX					    :CHECK_SUM							 :VARCHAR2	      : 	 32:Y :0
SQL> Oracle Database 10g Enterprise Edition Release 10.2.0.1.0 - Production
With the Partitioning, OLAP and Data Mining optionsとの接続が切断されました。

SQL*Plus: Release 10.2.0.2.0 - Production on 月 3月 24 16:27:21 2014

Copyright (c) 1982, 2005, Oracle.  All Rights Reserved.



Oracle Database 10g Enterprise Edition Release 10.2.0.1.0 - Production
With the Partitioning, OLAP and Data Mining options
に接続されました。
SQL> SQL> SQL> 
表が作成されました。

SQL> 
コミットが完了しました。

SQL> Oracle Database 10g Enterprise Edition Release 10.2.0.1.0 - Production
With the Partitioning, OLAP and Data Mining optionsとの接続が切断されました。

SQL*Plus: Release 10.2.0.2.0 - Production on 月 3月 24 16:27:21 2014

Copyright (c) 1982, 2005, Oracle.  All Rights Reserved.



Oracle Database 10g Enterprise Edition Release 10.2.0.1.0 - Production
With the Partitioning, OLAP and Data Mining options
に接続されました。
SQL> 
表が削除されました。

SQL> 
コミットが完了しました。

SQL> 
リサイクルビンがパージされました。

SQL> Oracle Database 10g Enterprise Edition Release 10.2.0.1.0 - Production
With the Partitioning, OLAP and Data Mining optionsとの接続が切断されました。

SQL*Plus: Release 10.2.0.2.0 - Production on 月 3月 24 16:27:21 2014

Copyright (c) 1982, 2005, Oracle.  All Rights Reserved.



Oracle Database 10g Enterprise Edition Release 10.2.0.1.0 - Production
With the Partitioning, OLAP and Data Mining options
に接続されました。
SQL> SQL> SQL> SQL> SQL> SQL> SQL> SQL> SQL> 
FS_TB005_NEW_FUSEI_TX					    :SVR_GRP_ID 						 :VARCHAR2	      : 	255:Y :1
FS_TB005_NEW_FUSEI_TX					    :SVR_ID							 :VARCHAR2	      : 	255:Y :2
FS_TB005_NEW_FUSEI_TX					    :HONGW_DSTSK_PATH						 :VARCHAR2	      : 	255:Y :3
FS_TB005_NEW_FUSEI_TX					    :KNRBKKN_FILE_ID						 :VARCHAR2	      : 	255:Y :4
FS_TB005_NEW_FUSEI_TX					    :COMPARE_FLAG						 :VARCHAR2	      : 	  1:Y :0
FS_TB005_NEW_FUSEI_TX					    :ELIBSYS_KNRBKKN_TIMESTAMP					 :VARCHAR2	      : 	 14:Y :0
FS_TB005_NEW_FUSEI_TX					    :ELIBSYS_KNRBKKN_SIZE					 :VARCHAR2	      : 	 10:Y :0
FS_TB005_NEW_FUSEI_TX					    :ELIBSYS_HON_REP_LIBTHM_ID					 :VARCHAR2	      : 	100:Y :0
FS_TB005_NEW_FUSEI_TX					    :HONBAN_KNRBKKN_TIMESTAMP					 :VARCHAR2	      : 	 14:Y :0
FS_TB005_NEW_FUSEI_TX					    :HONBAN_KNRBKKN_SIZE					 :VARCHAR2	      : 	 10:Y :0
FS_TB005_NEW_FUSEI_TX					    :HONBAN_CHECK_SUM						 :VARCHAR2	      : 	 32:Y :0
FS_TB005_NEW_FUSEI_TX					    :ERROR_TYPE 						 :VARCHAR2	      : 	  1:Y :0
SQL> Oracle Database 10g Enterprise Edition Release 10.2.0.1.0 - Production
With the Partitioning, OLAP and Data Mining optionsとの接続が切断されました。

SQL*Plus: Release 10.2.0.2.0 - Production on 月 3月 24 16:27:21 2014

Copyright (c) 1982, 2005, Oracle.  All Rights Reserved.



Oracle Database 10g Enterprise Edition Release 10.2.0.1.0 - Production
With the Partitioning, OLAP and Data Mining options
に接続されました。
SQL> SQL> SQL> 
表が作成されました。

SQL> 
コミットが完了しました。

SQL> Oracle Database 10g Enterprise Edition Release 10.2.0.1.0 - Production
With the Partitioning, OLAP and Data Mining optionsとの接続が切断されました。

SQL*Plus: Release 10.2.0.2.0 - Production on 月 3月 24 16:27:21 2014

Copyright (c) 1982, 2005, Oracle.  All Rights Reserved.



Oracle Database 10g Enterprise Edition Release 10.2.0.1.0 - Production
With the Partitioning, OLAP and Data Mining options
に接続されました。
SQL> SQL> SQL> 旧   1: INSERT INTO FS_TB005_NEW_FUSEI_&1
新   1: INSERT INTO FS_TB005_NEW_FUSEI_TX
旧  14:     FROM FS_TB004_MODULE_ELIB_&1 A
新  14:     FROM FS_TB004_MODULE_ELIB_TX A
旧  16: 	    FROM FS_TB003_MODULE_&1 B
新  16: 	    FROM FS_TB003_MODULE_TX B

1行が作成されました。


コミットが完了しました。

旧   1: INSERT INTO FS_TB005_NEW_FUSEI_&1
新   1: INSERT INTO FS_TB005_NEW_FUSEI_TX
旧  14:     FROM FS_TB003_MODULE_&1 A
新  14:     FROM FS_TB003_MODULE_TX A
旧  16: 	    FROM FS_TB004_MODULE_ELIB_&1 B
新  16: 	    FROM FS_TB004_MODULE_ELIB_TX B

2行が作成されました。


コミットが完了しました。

旧   1: INSERT INTO FS_TB005_NEW_FUSEI_&1
新   1: INSERT INTO FS_TB005_NEW_FUSEI_TX
旧  14:     FROM FS_TB004_MODULE_ELIB_&1 A, FS_TB003_MODULE_&1 B
新  14:     FROM FS_TB004_MODULE_ELIB_TX A, FS_TB003_MODULE_TX B

0行が作成されました。


コミットが完了しました。

SQL> 
コミットが完了しました。

SQL> Oracle Database 10g Enterprise Edition Release 10.2.0.1.0 - Production
With the Partitioning, OLAP and Data Mining optionsとの接続が切断されました。

SQL*Plus: Release 10.2.0.2.0 - Production on 月 3月 24 16:27:22 2014

Copyright (c) 1982, 2005, Oracle.  All Rights Reserved.



Oracle Database 10g Enterprise Edition Release 10.2.0.1.0 - Production
With the Partitioning, OLAP and Data Mining options
に接続されました。
SQL> SQL> SQL> 旧   1: INSERT INTO FS_TB005_NEW_FUSEI_&1
新   1: INSERT INTO FS_TB005_NEW_FUSEI_TX
旧  14:     FROM FS_TB003_MODULE_&1 A,
新  14:     FROM FS_TB003_MODULE_TX A,
旧  15: 	 FS_TB007_OLD_MODULE_&1 B,
新  15: 	 FS_TB007_OLD_MODULE_TX B,
旧  16: 	 FS_TB004_MODULE_ELIB_&1 C
新  16: 	 FS_TB004_MODULE_ELIB_TX C

0行が作成されました。


コミットが完了しました。

SQL> 
コミットが完了しました。

SQL> Oracle Database 10g Enterprise Edition Release 10.2.0.1.0 - Production
With the Partitioning, OLAP and Data Mining optionsとの接続が切断されました。

SQL*Plus: Release 10.2.0.2.0 - Production on 月 3月 24 16:27:22 2014

Copyright (c) 1982, 2005, Oracle.  All Rights Reserved.



Oracle Database 10g Enterprise Edition Release 10.2.0.1.0 - Production
With the Partitioning, OLAP and Data Mining options
に接続されました。
SQL> SQL> SQL> 旧   7:       (SELECT NULL FROM FS_TB005_NEW_FUSEI_&1 M
新   7:       (SELECT NULL FROM FS_TB005_NEW_FUSEI_TX M
旧  12:    AND T.SVR_KBN = '&1'
新  12:    AND T.SVR_KBN = 'TX'
旧  14:    AND (T.SVR_GRP_ID,T.SVR_ID) IN (SELECT N.SVR_GRP_ID,N.SVR_ID FROM FS_TB006_SVR_JOUHOU N WHERE N.NEW_COMPARE_FLAG = '1' AND N.SVR_KBN = '&1' )
新  14:    AND (T.SVR_GRP_ID,T.SVR_ID) IN (SELECT N.SVR_GRP_ID,N.SVR_ID FROM FS_TB006_SVR_JOUHOU N WHERE N.NEW_COMPARE_FLAG = '1' AND N.SVR_KBN = 'TX' )

0行が更新されました。


コミットが完了しました。

SQL> 
コミットが完了しました。

SQL> Oracle Database 10g Enterprise Edition Release 10.2.0.1.0 - Production
With the Partitioning, OLAP and Data Mining optionsとの接続が切断されました。

SQL*Plus: Release 10.2.0.2.0 - Production on 月 3月 24 16:27:22 2014

Copyright (c) 1982, 2005, Oracle.  All Rights Reserved.



Oracle Database 10g Enterprise Edition Release 10.2.0.1.0 - Production
With the Partitioning, OLAP and Data Mining options
に接続されました。
SQL> SQL> SQL> 旧   3:   SELECT '&1',
新   3:   SELECT 'TX',
旧  23:     FROM FS_TB005_NEW_FUSEI_&1 T
新  23:     FROM FS_TB005_NEW_FUSEI_TX T
旧  26: 	  WHERE M.SVR_KBN		    = '&1'
新  26: 	  WHERE M.SVR_KBN		    = 'TX'

3行が作成されました。


コミットが完了しました。

SQL> 
コミットが完了しました。

SQL> Oracle Database 10g Enterprise Edition Release 10.2.0.1.0 - Production
With the Partitioning, OLAP and Data Mining optionsとの接続が切断されました。

SQL*Plus: Release 10.2.0.2.0 - Production on 月 3月 24 16:27:22 2014

Copyright (c) 1982, 2005, Oracle.  All Rights Reserved.



Oracle Database 10g Enterprise Edition Release 10.2.0.1.0 - Production
With the Partitioning, OLAP and Data Mining options
に接続されました。
SQL> SQL> SQL> 旧   3: 			       FROM FS_TB005_NEW_FUSEI_&1 B
新   3: 			       FROM FS_TB005_NEW_FUSEI_TX B
旧  10:    AND A.SVR_KBN = '&1'
新  10:    AND A.SVR_KBN = 'TX'

1行が更新されました。

SQL> 
コミットが完了しました。

SQL> Oracle Database 10g Enterprise Edition Release 10.2.0.1.0 - Production
With the Partitioning, OLAP and Data Mining optionsとの接続が切断されました。
